Problem:    arrow_deb_conti
Rows:       5
Columns:    6
Non-zeros:  25
Status:     OPTIMAL
Objective:  worst_profit = 2.171717172 (MAXimum)

   No.   Row name   St   Activity     Lower bound   Upper bound    Marginal
------ ------------ -- ------------- ------------- ------------- -------------
     1 worst_profit B        2.17172                             
     2 profit_floor[s1]
                    NL             0            -0                   -0.328283 
     3 profit_floor[s2]
                    NL             0            -0                   -0.227273 
     4 profit_floor[s3]
                    NL             0            -0                   -0.272727 
     5 profit_floor[s4]
                    NL             0            -0                   -0.171717 

   No. Column name  St   Activity     Lower bound   Upper bound    Marginal
------ ------------ -- ------------- ------------- ------------- -------------
     1 accepted[b1] B       0.909091             0             1 
     2 accepted[b2] NU             1             0             1       2.17172 
     3 accepted[b3] B       0.888889             0             1 
     4 accepted[b4] B       0.333333             0             1 
     5 accepted[b5] NL             0             0             1     -0.717172 
     6 worst_case_profit
                    B        2.17172                             

Karush-Kuhn-Tucker optimality conditions:

KKT.PE: max.abs.err = 0.00e+00 on row 0
        max.rel.err = 0.00e+00 on row 0
        High quality

KKT.PB: max.abs.err = 0.00e+00 on row 0
        max.rel.err = 0.00e+00 on row 0
        High quality

KKT.DE: max.abs.err = 4.44e-16 on column 1
        max.rel.err = 8.28e-17 on column 1
        High quality

KKT.DB: max.abs.err = 0.00e+00 on row 0
        max.rel.err = 0.00e+00 on row 0
        High quality

End of output
