Problem:    courses
Rows:       4
Columns:    4 (4 integer, 4 binary)
Non-zeros:  16
Status:     INTEGER OPTIMAL
Objective:  eff = 9 (MINimum)

   No.   Row name        Activity     Lower bound   Upper bound
------ ------------    ------------- ------------- -------------
     1 eff                         9                             
     2 fulfil[NS]                 12            10               
     3 fulfil[SS]                 11            10               
     4 fulfil[H]                  11            10               

   No. Column name       Activity     Lower bound   Upper bound
------ ------------    ------------- ------------- -------------
     1 select[ITN]  *              0             0             1 
     2 select[THO]  *              1             0             1 
     3 select[TUOB] *              1             0             1 
     4 select[ABIT] *              1             0             1 

Integer feasibility conditions:

KKT.PE: max.abs.err = 0.00e+00 on row 0
        max.rel.err = 0.00e+00 on row 0
        High quality

KKT.PB: max.abs.err = 0.00e+00 on row 0
        max.rel.err = 0.00e+00 on row 0
        High quality

End of output
